// Jest Snapshot v1, https://goo.gl/fbAQLP

exports[`core presets dev mode 1`] = `
Object {
  "entry": Array [
    "ROOT/lib/core/src/server/common/polyfills.ts",
    "ROOT/lib/core/src/client/manager/index.ts",
    "ROOT/addons/actions/dist/esm/register.js",
    "ROOT/addons/backgrounds/dist/esm/register.js",
    "ROOT/addons/viewport/dist/esm/register.js",
    "ROOT/addons/toolbars/dist/esm/register.js",
    "ROOT/addons/controls/dist/esm/register.js",
    "ROOT/addons/storysource/dist/esm/register.js",
    "ROOT/addons/docs/dist/esm/register.js",
    "ROOT/examples/react-ts/generated-refs.js",
  ],
  "module": Object {
    "rules": Array [
      Object {
        "exclude": Array [
          "/node_modules/",
          "/dist/",
        ],
        "include": Array [
          "ROOT",
        ],
        "test": "/\\\\.(mjs|tsx?|jsx?)$/",
        "use": Array [
          Object {
            "loader": "ROOT/node_modules/babel-loader/lib/index.js",
            "options": Object {
              "plugins": Array [
                "ROOT/node_modules/@babel/plugin-transform-shorthand-properties/lib/index.js",
                "ROOT/lib/core/node_modules/@babel/plugin-transform-block-scoping/lib/index.js",
                Array [
                  "ROOT/node_modules/@babel/plugin-proposal-decorators/lib/index.js",
                  Object {
                    "legacy": true,
                  },
                ],
                Array [
                  "ROOT/node_modules/@babel/plugin-proposal-class-properties/lib/index.js",
                  Object {
                    "loose": true,
                  },
                ],
                Array [
                  "ROOT/node_modules/@babel/plugin-proposal-private-methods/lib/index.js",
                  Object {
                    "loose": true,
                  },
                ],
                "ROOT/node_modules/@babel/plugin-proposal-export-default-from/lib/index.js",
                "ROOT/node_modules/@babel/plugin-syntax-dynamic-import/lib/index.js",
                Array [
                  "ROOT/node_modules/@babel/plugin-proposal-object-rest-spread/lib/index.js",
                  Object {
                    "loose": true,
                    "useBuiltIns": true,
                  },
                ],
                "ROOT/node_modules/@babel/plugin-transform-classes/lib/index.js",
                "ROOT/node_modules/@babel/plugin-transform-arrow-functions/lib/index.js",
                "ROOT/node_modules/@babel/plugin-transform-parameters/lib/index.js",
                "ROOT/node_modules/@babel/plugin-transform-destructuring/lib/index.js",
                "ROOT/node_modules/@babel/plugin-transform-spread/lib/index.js",
                "ROOT/node_modules/@babel/plugin-transform-for-of/lib/index.js",
                "ROOT/node_modules/babel-plugin-macros/dist/index.js",
                "ROOT/node_modules/@babel/plugin-proposal-optional-chaining/lib/index.js",
                "ROOT/node_modules/@babel/plugin-proposal-nullish-coalescing-operator/lib/index.js",
                Array [
                  "ROOT/node_modules/babel-plugin-polyfill-corejs3/lib/index.js",
                  Object {
                    "absoluteImports": "ROOT/node_modules/core-js/index.js",
                    "method": "usage-global",
                    "version": "3.8.2",
                  },
                ],
                "ROOT/node_modules/@babel/plugin-transform-template-literals/lib/index.js",
              ],
              "presets": Array [
                Array [
                  "ROOT/node_modules/@babel/preset-env/lib/index.js",
                  Object {
                    "shippedProposals": true,
                  },
                ],
                "ROOT/node_modules/@babel/preset-typescript/lib/index.js",
                "ROOT/node_modules/@babel/preset-react/lib/index.js",
              ],
              "sourceType": "unambiguous",
            },
          },
        ],
      },
      Object {
        "include": [Function],
        "test": "/\\\\.js$/",
        "use": Array [
          Object {
            "loader": "ROOT/node_modules/babel-loader/lib/index.js",
            "options": Object {
              "plugins": Array [
                "ROOT/node_modules/@babel/plugin-transform-shorthand-properties/lib/index.js",
                "ROOT/lib/core/node_modules/@babel/plugin-transform-block-scoping/lib/index.js",
                Array [
                  "ROOT/node_modules/@babel/plugin-proposal-decorators/lib/index.js",
                  Object {
                    "legacy": true,
                  },
                ],
                Array [
                  "ROOT/node_modules/@babel/plugin-proposal-class-properties/lib/index.js",
                  Object {
                    "loose": true,
                  },
                ],
                Array [
                  "ROOT/node_modules/@babel/plugin-proposal-private-methods/lib/index.js",
                  Object {
                    "loose": true,
                  },
                ],
                "ROOT/node_modules/@babel/plugin-proposal-export-default-from/lib/index.js",
                "ROOT/node_modules/@babel/plugin-syntax-dynamic-import/lib/index.js",
                Array [
                  "ROOT/node_modules/@babel/plugin-proposal-object-rest-spread/lib/index.js",
                  Object {
                    "loose": true,
                    "useBuiltIns": true,
                  },
                ],
                "ROOT/node_modules/@babel/plugin-transform-classes/lib/index.js",
                "ROOT/node_modules/@babel/plugin-transform-arrow-functions/lib/index.js",
                "ROOT/node_modules/@babel/plugin-transform-parameters/lib/index.js",
                "ROOT/node_modules/@babel/plugin-transform-destructuring/lib/index.js",
                "ROOT/node_modules/@babel/plugin-transform-spread/lib/index.js",
                "ROOT/node_modules/@babel/plugin-transform-for-of/lib/index.js",
                "ROOT/node_modules/babel-plugin-macros/dist/index.js",
                "ROOT/node_modules/@babel/plugin-proposal-optional-chaining/lib/index.js",
                "ROOT/node_modules/@babel/plugin-proposal-nullish-coalescing-operator/lib/index.js",
                Array [
                  "ROOT/node_modules/babel-plugin-polyfill-corejs3/lib/index.js",
                  Object {
                    "absoluteImports": "ROOT/node_modules/core-js/index.js",
                    "method": "usage-global",
                    "version": "3.8.2",
                  },
                ],
              ],
              "presets": Array [
                Array [
                  "ROOT/node_modules/@babel/preset-env/lib/index.js",
                  Object {
                    "modules": false,
                    "shippedProposals": true,
                    "targets": "defaults",
                  },
                ],
                "ROOT/node_modules/@babel/preset-react/lib/index.js",
              ],
              "sourceType": "unambiguous",
            },
          },
        ],
      },
      Object {
        "test": "/\\\\.css$/",
        "use": Array [
          "ROOT/lib/core/node_modules/style-loader/dist/cjs.js",
          Object {
            "loader": "ROOT/node_modules/css-loader/dist/cjs.js",
            "options": Object {
              "importLoaders": 1,
            },
          },
        ],
      },
      Object {
        "loader": "ROOT/lib/core/node_modules/file-loader/dist/cjs.js",
        "query": Object {
          "name": "static/media/[name].[hash:8].[ext]",
        },
        "test": "/\\\\.(svg|ico|jpg|jpeg|png|apng|gif|eot|otf|webp|ttf|woff|woff2|cur|ani|pdf)(\\\\?.*)?$/",
      },
      Object {
        "loader": "ROOT/lib/core/node_modules/url-loader/dist/cjs.js",
        "query": Object {
          "limit": 10000,
          "name": "static/media/[name].[hash:8].[ext]",
        },
        "test": "/\\\\.(mp4|webm|wav|mp3|m4a|aac|oga)(\\\\?.*)?$/",
      },
    ],
  },
  "plugins": Array [
    "VirtualModulesPlugin",
    "HtmlWebpackPlugin",
    "CaseSensitivePathsPlugin",
    "DefinePlugin",
    "DefinePlugin",
  ],
}
`;
